Read	.http_server.vhosts $["default-server.conf":[$["DATA":[$["KEY":"DocumentRoot", "OVERHEAD":"", "VALUE":"\"/srv/www/htdocs\""], $["KEY":"_SECTION", "OVERHEAD":"", "SECTIONNAME":"Directory", "SECTIONPARAM":"\"/srv/www/htdocs\"", "VALUE":[$["KEY":"Options", "OVERHEAD":"", "VALUE":"None"], $["KEY":"AllowOverride", "OVERHEAD":"", "VALUE":"None"], $["KEY":"Order", "OVERHEAD":"", "VALUE":"allow,deny"], $["KEY":"Allow", "VALUE":"from all"]]], $["KEY":"Alias", "OVERHEAD":"", "VALUE":"/icons/ \"/usr/share/apache2/icons/\""], $["KEY":"_SECTION", "OVERHEAD":"", "SECTIONNAME":"Directory", "SECTIONPARAM":"\"/usr/share/apache2/icons\"", "VALUE":[$["KEY":"Options", "VALUE":"Indexes MultiViews"], $["KEY":"AllowOverride", "VALUE":"None"], $["KEY":"Order", "VALUE":"allow,deny"], $["KEY":"Allow", "VALUE":"from all"]]], $["KEY":"ScriptAlias", "OVERHEAD":"", "VALUE":"/cgi-bin/ \"/srv/www/cgi-bin/\""], $["KEY":"_SECTION", "OVERHEAD":"", "SECTIONNAME":"Directory", "SECTIONPARAM":"\"/srv/www/cgi-bin\"", "VALUE":[$["KEY":"AllowOverride", "VALUE":"None"], $["KEY":"Options", "VALUE":"+ExecCGI -Includes"], $["KEY":"Order", "VALUE":"allow,deny"], $["KEY":"Allow", "VALUE":"from all"]]], $["KEY":"_SECTION", "OVERHEAD":"", "SECTIONNAME":"IfModule", "SECTIONPARAM":"mod_userdir.c", "VALUE":[$["KEY":"UserDir", "OVERHEAD":"", "VALUE":"public_html"], $["KEY":"Include", "OVERHEAD":"", "VALUE":"/etc/apache2/mod_userdir.conf"]]], $["KEY":"Include", "OVERHEAD":"", "VALUE":"/etc/apache2/conf.d/*.conf"], $["KEY":"Include", "OVERHEAD":"", "VALUE":"/etc/apache2/conf.d/apache2-manual?conf"], $["KEY":"ServerName", "VALUE":"test"], $["KEY":"ServerAdmin", "VALUE":"test@test"], $["KEY":"_SECTION", "OVERHEAD":"", "SECTIONNAME":"Directory", "SECTIONPARAM":"\"/srv/viewcvs/\"", "VALUE":[$["KEY":"Options", "VALUE":"None"], $["KEY":"AllowOverride", "VALUE":"None"], $["KEY":"Order", "VALUE":"allow,deny"], $["KEY":"Allow", "VALUE":"from all"]]], $["KEY":"NameVirtualHost", "VALUE":"10.20.1.28"], $["KEY":"_SECTION", "SECTIONNAME":"IfDefine", "SECTIONPARAM":"SSL", "VALUE":[$["KEY":"SSLEngine", "VALUE":"off"]]]], "HOSTID":"default", "VirtualByName":"0"]], "yast2_vhosts.conf":[$["DATA":[$["KEY":"DocumentRoot", "VALUE":"/srv/viewcvs/"], $["KEY":"ServerName", "VALUE":"TestNew"], $["KEY":"ServerAdmin", "VALUE":"ja@ja.sk"], $["KEY":"_SECTION", "OVERHEAD":"", "SECTIONNAME":"IfDefine", "SECTIONPARAM":"SSL", "VALUE":[$["KEY":"SSLRequireSSL", "VALUE":""]]], $["KEY":"_SECTION", "OVERHEAD":"", "SECTIONNAME":"IfDefine", "SECTIONPARAM":"SSL", "VALUE":[$["KEY":"SSLRequireSSL", "VALUE":""]]], $["KEY":"_SECTION", "OVERHEAD":"", "SECTIONNAME":"IfDefine", "SECTIONPARAM":"SSL", "VALUE":[$["KEY":"SSLRequireSSL", "VALUE":""]]], $["KEY":"_SECTION", "OVERHEAD":"", "SECTIONNAME":"IfDefine", "SECTIONPARAM":"SSL", "VALUE":[$["KEY":"SSLEngine", "VALUE":"on"]]], $["KEY":"_SECTION", "OVERHEAD":"", "SECTIONNAME":"IfDefine", "SECTIONPARAM":"SSL", "VALUE":[$["KEY":"SSLRequireSSL", "VALUE":""]]]], "HOSTID":"10.20.1.28/TestNew", "HostIP":"10.20.1.28", "VirtualByName":"1"], $["OVERHEAD":""]]]
Return	true
Return	["default", "10.20.1.28/TestNew"]
Return	[$["KEY":"DocumentRoot", "VALUE":"/srv/viewcvs/"], $["KEY":"ServerName", "VALUE":"TestNew"], $["KEY":"ServerAdmin", "VALUE":"ja@ja.sk"], $["KEY":"_SECTION", "OVERHEAD":"", "SECTIONNAME":"IfDefine", "SECTIONPARAM":"SSL", "VALUE":[$["KEY":"SSLRequireSSL", "VALUE":""]]], $["KEY":"_SECTION", "OVERHEAD":"", "SECTIONNAME":"IfDefine", "SECTIONPARAM":"SSL", "VALUE":[$["KEY":"SSLRequireSSL", "VALUE":""]]], $["KEY":"_SECTION", "OVERHEAD":"", "SECTIONNAME":"IfDefine", "SECTIONPARAM":"SSL", "VALUE":[$["KEY":"SSLRequireSSL", "VALUE":""]]], $["KEY":"_SECTION", "OVERHEAD":"", "SECTIONNAME":"IfDefine", "SECTIONPARAM":"SSL", "VALUE":[$["KEY":"SSLEngine", "VALUE":"on"]]], $["KEY":"_SECTION", "OVERHEAD":"", "SECTIONNAME":"IfDefine", "SECTIONPARAM":"SSL", "VALUE":[$["KEY":"SSLRequireSSL", "VALUE":""]]]]
Return	[$["KEY":"DocumentRoot", "OVERHEAD":"", "VALUE":"\"/srv/www/htdocs\""], $["KEY":"_SECTION", "OVERHEAD":"", "SECTIONNAME":"Directory", "SECTIONPARAM":"\"/srv/www/htdocs\"", "VALUE":[$["KEY":"Options", "OVERHEAD":"", "VALUE":"None"], $["KEY":"AllowOverride", "OVERHEAD":"", "VALUE":"None"], $["KEY":"Order", "OVERHEAD":"", "VALUE":"allow,deny"], $["KEY":"Allow", "VALUE":"from all"]]], $["KEY":"Alias", "OVERHEAD":"", "VALUE":"/icons/ \"/usr/share/apache2/icons/\""], $["KEY":"_SECTION", "OVERHEAD":"", "SECTIONNAME":"Directory", "SECTIONPARAM":"\"/usr/share/apache2/icons\"", "VALUE":[$["KEY":"Options", "VALUE":"Indexes MultiViews"], $["KEY":"AllowOverride", "VALUE":"None"], $["KEY":"Order", "VALUE":"allow,deny"], $["KEY":"Allow", "VALUE":"from all"]]], $["KEY":"ScriptAlias", "OVERHEAD":"", "VALUE":"/cgi-bin/ \"/srv/www/cgi-bin/\""], $["KEY":"_SECTION", "OVERHEAD":"", "SECTIONNAME":"Directory", "SECTIONPARAM":"\"/srv/www/cgi-bin\"", "VALUE":[$["KEY":"AllowOverride", "VALUE":"None"], $["KEY":"Options", "VALUE":"+ExecCGI -Includes"], $["KEY":"Order", "VALUE":"allow,deny"], $["KEY":"Allow", "VALUE":"from all"]]], $["KEY":"_SECTION", "OVERHEAD":"", "SECTIONNAME":"IfModule", "SECTIONPARAM":"mod_userdir.c", "VALUE":[$["KEY":"UserDir", "OVERHEAD":"", "VALUE":"public_html"], $["KEY":"Include", "OVERHEAD":"", "VALUE":"/etc/apache2/mod_userdir.conf"]]], $["KEY":"Include", "OVERHEAD":"", "VALUE":"/etc/apache2/conf.d/*.conf"], $["KEY":"Include", "OVERHEAD":"", "VALUE":"/etc/apache2/conf.d/apache2-manual?conf"], $["KEY":"ServerName", "VALUE":"test"], $["KEY":"ServerAdmin", "VALUE":"test@test"], $["KEY":"_SECTION", "OVERHEAD":"", "SECTIONNAME":"Directory", "SECTIONPARAM":"\"/srv/viewcvs/\"", "VALUE":[$["KEY":"Options", "VALUE":"None"], $["KEY":"AllowOverride", "VALUE":"None"], $["KEY":"Order", "VALUE":"allow,deny"], $["KEY":"Allow", "VALUE":"from all"]]], $["KEY":"NameVirtualHost", "VALUE":"10.20.1.28"], $["KEY":"_SECTION", "SECTIONNAME":"IfDefine", "SECTIONPARAM":"SSL", "VALUE":[$["KEY":"SSLEngine", "VALUE":"off"]]]]
